
> artgoma@0.1.0 build
> next build

Ôû▓ Next.js 16.1.4 (Turbopack)
- Environments: .env

node.exe : ÔÜá The "middleware" file convention is deprecated. Please use "proxy" 
instead. Learn more: https://nextjs.org/docs/messages/middleware-to-proxy
En C:\Program Files\nodejs\npm.ps1: 29 Carácter: 3
+   & $NODE_EXE $NPM_CLI_JS $args
+   ~~~~~~~~~~~~~~~~~~~~~~~~~~~~~
    + CategoryInfo          : NotSpecified: (ÔÜá The "middle...leware-to-proxy:Stri 
   ng) [], RemoteException
    + FullyQualifiedErrorId : NativeCommandError
 
  Creating an optimized production build ...
Ô£ô Compiled successfully in 2.1s
  Running TypeScript ...
  Collecting page data using 19 workers ...
  Generating static pages using 19 workers (0/64) ...
  Generating static pages using 19 workers (16/64) 
  Generating static pages using 19 workers (32/64) 
  Generating static pages using 19 workers (48/64) 
Ô£ô Generating static pages using 19 workers (64/64) in 1374.9ms
  Finalizing page optimization ...

Route (app)
Ôöî Ôùï /_not-found
Ôö£ ãÆ /[lang]
Ôö£ ãÆ /[lang]/confirm
Ôö£ ãÆ /[lang]/ecommerce
Ôö£ ãÆ /[lang]/events
Ôö£ ãÆ /[lang]/events-panel
Ôö£ ãÆ /[lang]/events/[slug]
Ôö£ ãÆ /[lang]/events/[slug]/visits
Ôö£ ãÆ /[lang]/generate-qr
Ôö£ ãÆ /[lang]/login
Ôö£ ãÆ /[lang]/register
Ôö£ ãÆ /[lang]/visits
Ôö£ ãÆ /[lang]/visits/[date]
Ôö£ ãÆ /[lang]/welcome-vip
Ôö£ ãÆ /api/auth/[...nextauth]
Ôöö ãÆ /api/upload-images


ãÆ Proxy (Middleware)

Ôùï  (Static)   prerendered as static content
ãÆ  (Dynamic)  server-rendered on demand

